// Jest Snapshot v1, https://goo.gl/fbAQLP

exports[`Dialog matches its snapshots: visible with children 1`] = `ShallowWrapper {}`;

exports[`Dialog matches its snapshots: visible with children 2`] = `ShallowWrapper {}`;
