// Jest Snapshot v1, https://goo.gl/fbAQLP

exports[`Loader matches its snapshots: notVisible 1`] = `ShallowWrapper {}`;

exports[`Loader matches its snapshots: visible 1`] = `ShallowWrapper {}`;
