// Jest Snapshot v1, https://goo.gl/fbAQLP

exports[`Title matches its snapshots: with no props 1`] = `ShallowWrapper {}`;

exports[`Title matches its snapshots: with props 1`] = `ShallowWrapper {}`;
