// Jest Snapshot v1, https://goo.gl/fbAQLP

exports[`PageNav matches its snapshots: wrapperOne 1`] = `ShallowWrapper {}`;

exports[`PageNav matches its snapshots: wrapperTwo 1`] = `ShallowWrapper {}`;
