// Jest Snapshot v1, https://goo.gl/fbAQLP

exports[`ICalLinkPicker matches its snapshots 1`] = `ReactWrapper {}`;
